
H:\My Drive\Mesh_Base_Reluctance_Netwwork_3D\python\storage\models\axial_flux_15_slot_10_pole\FEResultsData\
------------------------------------------------------------------------------------------------------------

H:\My Drive\Mesh_Base_Reluctance_Netwwork_3D\python\storage\models\axial_flux_15_slot_10_pole\FEResultsData\
------------------------------------------------------------------------------------------------------------

H:\My Drive\Mesh_Base_Reluctance_Netwwork_3D\python\storage\models\axial_flux_15_slot_10_pole\FEResultsData\
------------------------------------------------------------------------------------------------------------

H:\My Drive\Mesh_Base_Reluctance_Netwwork_3D\python\storage\models\axial_flux_15_slot_10_pole\FEResultsData\
------------------------------------------------------------------------------------------------------------

H:\My Drive\Mesh_Base_Reluctance_Netwwork_3D\python\storage\models\axial_flux_15_slot_10_pole\FEResultsData\
------------------------------------------------------------------------------------------------------------

H:\My Drive\Mesh_Base_Reluctance_Netwwork_3D\python\storage\models\axial_flux_15_slot_10_pole\FEResultsData\
------------------------------------------------------------------------------------------------------------

H:\My Drive\Mesh_Base_Reluctance_Netwwork_3D\python\storage\models\axial_flux_15_slot_10_pole\FEResultsData\
------------------------------------------------------------------------------------------------------------

H:\My Drive\Mesh_Base_Reluctance_Netwwork_3D\python\storage\models\axial_flux_15_slot_10_pole\FEResultsData\
------------------------------------------------------------------------------------------------------------

H:\My Drive\Mesh_Base_Reluctance_Netwwork_3D\python\storage\models\axial_flux_15_slot_10_pole\FEResultsData\
------------------------------------------------------------------------------------------------------------
